2025-09-24T00:21:53.5367168Z Current runner version: '2.328.0'
2025-09-24T00:21:53.5402440Z ##[group]Runner Image Provisioner
2025-09-24T00:21:53.5403719Z Hosted Compute Agent
2025-09-24T00:21:53.5404588Z Version: 20250829.383
2025-09-24T00:21:53.5405713Z Commit: 27cb235aab5b0e52e153a26cd86b4742e89dac5d
2025-09-24T00:21:53.5406826Z Build Date: 2025-08-29T13:48:48Z
2025-09-24T00:21:53.5407780Z ##[endgroup]
2025-09-24T00:21:53.5408794Z ##[group]Operating System
2025-09-24T00:21:53.5409665Z Ubuntu
2025-09-24T00:21:53.5410687Z 24.04.3
2025-09-24T00:21:53.5411515Z LTS
2025-09-24T00:21:53.5412336Z ##[endgroup]
2025-09-24T00:21:53.5413100Z ##[group]Runner Image
2025-09-24T00:21:53.5414168Z Image: ubuntu-24.04
2025-09-24T00:21:53.5415141Z Version: 20250907.24.1
2025-09-24T00:21:53.5416980Z Included Software: https://github.com/actions/runner-images/blob/ubuntu24/20250907.24/images/ubuntu/Ubuntu2404-Readme.md
2025-09-24T00:21:53.5419811Z Image Release: https://github.com/actions/runner-images/releases/tag/ubuntu24%2F20250907.24
2025-09-24T00:21:53.5421710Z ##[endgroup]
2025-09-24T00:21:53.5423619Z ##[group]GITHUB_TOKEN Permissions
2025-09-24T00:21:53.5426411Z Contents: read
2025-09-24T00:21:53.5427312Z Metadata: read
2025-09-24T00:21:53.5428126Z Packages: read
2025-09-24T00:21:53.5428854Z ##[endgroup]
2025-09-24T00:21:53.5432008Z Secret source: Actions
2025-09-24T00:21:53.5433530Z Prepare workflow directory
2025-09-24T00:21:53.5910695Z Prepare all required actions
2025-09-24T00:21:53.5968268Z Getting action download info
2025-09-24T00:21:53.8213290Z Download action repository 'actions/checkout@v4' (SHA:08eba0b27e820071cde6df949e0beb9ba4906955)
2025-09-24T00:21:54.0813233Z Complete job name: build-test
2025-09-24T00:21:54.1697773Z ##[group]Run actions/checkout@v4
2025-09-24T00:21:54.1699150Z with:
2025-09-24T00:21:54.1699781Z   repository: tbmobb813/blurapp
2025-09-24T00:21:54.1700978Z   token: ***
2025-09-24T00:21:54.1701596Z   ssh-strict: true
2025-09-24T00:21:54.1702247Z   ssh-user: git
2025-09-24T00:21:54.1702894Z   persist-credentials: true
2025-09-24T00:21:54.1703655Z   clean: true
2025-09-24T00:21:54.1704310Z   sparse-checkout-cone-mode: true
2025-09-24T00:21:54.1705081Z   fetch-depth: 1
2025-09-24T00:21:54.1705713Z   fetch-tags: false
2025-09-24T00:21:54.1706351Z   show-progress: true
2025-09-24T00:21:54.1706996Z   lfs: false
2025-09-24T00:21:54.1707582Z   submodules: false
2025-09-24T00:21:54.1708218Z   set-safe-directory: true
2025-09-24T00:21:54.1709236Z ##[endgroup]
2025-09-24T00:21:54.2850810Z Syncing repository: tbmobb813/blurapp
2025-09-24T00:21:54.2852623Z ##[group]Getting Git version info
2025-09-24T00:21:54.2853419Z Working directory is '/home/runner/work/blurapp/blurapp'
2025-09-24T00:21:54.2854476Z [command]/usr/bin/git version
2025-09-24T00:21:54.4697553Z git version 2.51.0
2025-09-24T00:21:54.4724434Z ##[endgroup]
2025-09-24T00:21:54.4743542Z Temporarily overriding HOME='/home/runner/work/_temp/a28d3609-20b8-400f-a7fd-0fa61ad7efbb' before making global git config changes
2025-09-24T00:21:54.4746300Z Adding repository directory to the temporary git global config as a safe directory
2025-09-24T00:21:54.4748287Z [command]/usr/bin/git config --global --add safe.directory /home/runner/work/blurapp/blurapp
2025-09-24T00:21:54.4785243Z Deleting the contents of '/home/runner/work/blurapp/blurapp'
2025-09-24T00:21:54.4789266Z ##[group]Initializing the repository
2025-09-24T00:21:54.4794545Z [command]/usr/bin/git init /home/runner/work/blurapp/blurapp
2025-09-24T00:21:54.4919693Z hint: Using 'master' as the name for the initial branch. This default branch name
2025-09-24T00:21:54.4925538Z hint: is subject to change. To configure the initial branch name to use in all
2025-09-24T00:21:54.4927095Z hint: of your new repositories, which will suppress this warning, call:
2025-09-24T00:21:54.4928357Z hint:
2025-09-24T00:21:54.4929250Z hint: 	git config --global init.defaultBranch <name>
2025-09-24T00:21:54.4930476Z hint:
2025-09-24T00:21:54.4931507Z hint: Names commonly chosen instead of 'master' are 'main', 'trunk' and
2025-09-24T00:21:54.4933174Z hint: 'development'. The just-created branch can be renamed via this command:
2025-09-24T00:21:54.4934813Z hint:
2025-09-24T00:21:54.4935572Z hint: 	git branch -m <name>
2025-09-24T00:21:54.4936377Z hint:
2025-09-24T00:21:54.4937401Z hint: Disable this message with "git config set advice.defaultBranchName false"
2025-09-24T00:21:54.4939074Z Initialized empty Git repository in /home/runner/work/blurapp/blurapp/.git/
2025-09-24T00:21:54.4942170Z [command]/usr/bin/git remote add origin https://github.com/tbmobb813/blurapp
2025-09-24T00:21:54.4977591Z ##[endgroup]
2025-09-24T00:21:54.4978821Z ##[group]Disabling automatic garbage collection
2025-09-24T00:21:54.4982674Z [command]/usr/bin/git config --local gc.auto 0
2025-09-24T00:21:54.5014977Z ##[endgroup]
2025-09-24T00:21:54.5016274Z ##[group]Setting up auth
2025-09-24T00:21:54.5022974Z [command]/usr/bin/git config --local --name-only --get-regexp core\.sshCommand
2025-09-24T00:21:54.5055194Z [command]/usr/bin/git submodule foreach --recursive sh -c "git config --local --name-only --get-regexp 'core\.sshCommand' && git config --local --unset-all 'core.sshCommand' || :"
2025-09-24T00:21:54.5396595Z [command]/usr/bin/git config --local --name-only --get-regexp http\.https\:\/\/github\.com\/\.extraheader
2025-09-24T00:21:54.5434490Z [command]/usr/bin/git submodule foreach --recursive sh -c "git config --local --name-only --get-regexp 'http\.https\:\/\/github\.com\/\.extraheader' && git config --local --unset-all 'http.https://github.com/.extraheader' || :"
2025-09-24T00:21:54.5679838Z [command]/usr/bin/git config --local http.https://github.com/.extraheader AUTHORIZATION: basic ***
2025-09-24T00:21:54.5728268Z ##[endgroup]
2025-09-24T00:21:54.5730084Z ##[group]Fetching the repository
2025-09-24T00:21:54.5738926Z [command]/usr/bin/git -c protocol.version=2 fetch --no-tags --prune --no-recurse-submodules --depth=1 origin +c764c431ca899e4e802b6860582de5a9de7bc392:refs/remotes/pull/1/merge
2025-09-24T00:21:58.1468802Z From https://github.com/tbmobb813/blurapp
2025-09-24T00:21:58.1470884Z  * [new ref]         c764c431ca899e4e802b6860582de5a9de7bc392 -> pull/1/merge
2025-09-24T00:21:58.1499082Z ##[endgroup]
2025-09-24T00:21:58.1500579Z ##[group]Determining the checkout info
2025-09-24T00:21:58.1502189Z ##[endgroup]
2025-09-24T00:21:58.1506124Z [command]/usr/bin/git sparse-checkout disable
2025-09-24T00:21:58.1547703Z [command]/usr/bin/git config --local --unset-all extensions.worktreeConfig
2025-09-24T00:21:58.1577463Z ##[group]Checking out the ref
2025-09-24T00:21:58.1581494Z [command]/usr/bin/git checkout --progress --force refs/remotes/pull/1/merge
2025-09-24T00:21:58.4119031Z Note: switching to 'refs/remotes/pull/1/merge'.
2025-09-24T00:21:58.4119667Z 
2025-09-24T00:21:58.4120088Z You are in 'detached HEAD' state. You can look around, make experimental
2025-09-24T00:21:58.4121156Z changes and commit them, and you can discard any commits you make in this
2025-09-24T00:21:58.4122013Z state without impacting any branches by switching back to a branch.
2025-09-24T00:21:58.4122541Z 
2025-09-24T00:21:58.4122942Z If you want to create a new branch to retain commits you create, you may
2025-09-24T00:21:58.4123748Z do so (now or later) by using -c with the switch command. Example:
2025-09-24T00:21:58.4124233Z 
2025-09-24T00:21:58.4124437Z   git switch -c <new-branch-name>
2025-09-24T00:21:58.4124782Z 
2025-09-24T00:21:58.4124993Z Or undo this operation with:
2025-09-24T00:21:58.4125314Z 
2025-09-24T00:21:58.4125496Z   git switch -
2025-09-24T00:21:58.4125768Z 
2025-09-24T00:21:58.4126178Z Turn off this advice by setting config variable advice.detachedHead to false
2025-09-24T00:21:58.4126776Z 
2025-09-24T00:21:58.4127463Z HEAD is now at c764c43 Merge 51d5899d23e3b6f74f692da386ecbb172c9ad27d into 32f0128cf6e380c1a90784019777021a2d0e6fc6
2025-09-24T00:21:58.4133042Z ##[endgroup]
2025-09-24T00:21:58.4173807Z [command]/usr/bin/git log -1 --format=%H
2025-09-24T00:21:58.4197073Z c764c431ca899e4e802b6860582de5a9de7bc392
2025-09-24T00:21:58.4393458Z ##[group]Run sudo apt-get update
2025-09-24T00:21:58.4394136Z [36;1msudo apt-get update[0m
2025-09-24T00:21:58.4394500Z [36;1msudo apt-get install -y git curl unzip xz-utils[0m
2025-09-24T00:21:58.4395101Z [36;1mgit clone https://github.com/flutter/flutter.git -b stable --depth 1 /opt/flutter[0m
2025-09-24T00:21:58.4395586Z [36;1mecho "/opt/flutter/bin" >> $GITHUB_PATH[0m
2025-09-24T00:21:58.4395967Z [36;1mecho "/opt/flutter/bin/cache/dart-sdk/bin" >> $GITHUB_PATH[0m
2025-09-24T00:21:58.4396346Z [36;1m/opt/flutter/bin/flutter --version[0m
2025-09-24T00:21:58.4452252Z shell: /usr/bin/bash -e {0}
2025-09-24T00:21:58.4452555Z ##[endgroup]
2025-09-24T00:21:58.5884467Z Get:1 file:/etc/apt/apt-mirrors.txt Mirrorlist [144 B]
2025-09-24T00:21:58.6401634Z Hit:6 https://packages.microsoft.com/repos/azure-cli noble InRelease
2025-09-24T00:21:58.6410811Z Hit:2 http://azure.archive.ubuntu.com/ubuntu noble InRelease
2025-09-24T00:21:58.6416636Z Get:7 https://packages.microsoft.com/ubuntu/24.04/prod noble InRelease [3600 B]
2025-09-24T00:21:58.6428637Z Get:3 http://azure.archive.ubuntu.com/ubuntu noble-updates InRelease [126 kB]
2025-09-24T00:21:58.6475102Z Get:4 http://azure.archive.ubuntu.com/ubuntu noble-backports InRelease [126 kB]
2025-09-24T00:21:58.6528010Z Get:5 http://azure.archive.ubuntu.com/ubuntu noble-security InRelease [126 kB]
2025-09-24T00:21:58.8861665Z Get:8 https://packages.microsoft.com/ubuntu/24.04/prod noble/main amd64 Packages [53.7 kB]
2025-09-24T00:21:58.9056683Z Get:9 https://packages.microsoft.com/ubuntu/24.04/prod noble/main armhf Packages [10.3 kB]
2025-09-24T00:21:58.9212024Z Get:10 http://azure.archive.ubuntu.com/ubuntu noble-updates/main amd64 Packages [1436 kB]
2025-09-24T00:21:58.9301591Z Get:26 https://packages.microsoft.com/ubuntu/24.04/prod noble/main arm64 Packages [36.2 kB]
2025-09-24T00:21:58.9329307Z Get:11 http://azure.archive.ubuntu.com/ubuntu noble-updates/main Translation-en [281 kB]
2025-09-24T00:21:58.9356314Z Get:12 http://azure.archive.ubuntu.com/ubuntu noble-updates/main amd64 Components [175 kB]
2025-09-24T00:21:58.9376205Z Get:13 http://azure.archive.ubuntu.com/ubuntu noble-updates/main amd64 c-n-f Metadata [15.3 kB]
2025-09-24T00:21:58.9387970Z Get:14 http://azure.archive.ubuntu.com/ubuntu noble-updates/universe amd64 Packages [1485 kB]
2025-09-24T00:21:58.9508691Z Get:15 http://azure.archive.ubuntu.com/ubuntu noble-updates/universe Translation-en [299 kB]
2025-09-24T00:21:58.9538469Z Get:16 http://azure.archive.ubuntu.com/ubuntu noble-updates/universe amd64 Components [377 kB]
2025-09-24T00:21:58.9567996Z Get:17 http://azure.archive.ubuntu.com/ubuntu noble-updates/universe amd64 c-n-f Metadata [31.1 kB]
2025-09-24T00:21:58.9580942Z Get:18 http://azure.archive.ubuntu.com/ubuntu noble-updates/restricted amd64 Packages [1941 kB]
2025-09-24T00:21:58.9681412Z Get:19 http://azure.archive.ubuntu.com/ubuntu noble-updates/restricted Translation-en [436 kB]
2025-09-24T00:21:59.0148667Z Get:20 http://azure.archive.ubuntu.com/ubuntu noble-updates/restricted amd64 Components [212 B]
2025-09-24T00:21:59.0156090Z Get:21 http://azure.archive.ubuntu.com/ubuntu noble-updates/restricted amd64 c-n-f Metadata [544 B]
2025-09-24T00:21:59.0166179Z Get:22 http://azure.archive.ubuntu.com/ubuntu noble-updates/multiverse amd64 Packages [32.0 kB]
2025-09-24T00:21:59.0177685Z Get:23 http://azure.archive.ubuntu.com/ubuntu noble-updates/multiverse Translation-en [5500 B]
2025-09-24T00:21:59.0184842Z Get:24 http://azure.archive.ubuntu.com/ubuntu noble-updates/multiverse amd64 Components [940 B]
2025-09-24T00:21:59.0194165Z Get:25 http://azure.archive.ubuntu.com/ubuntu noble-updates/multiverse amd64 c-n-f Metadata [488 B]
2025-09-24T00:21:59.0203268Z Get:27 http://azure.archive.ubuntu.com/ubuntu noble-backports/main amd64 Components [7084 B]
2025-09-24T00:21:59.0212518Z Get:28 http://azure.archive.ubuntu.com/ubuntu noble-backports/universe amd64 Components [19.2 kB]
2025-09-24T00:21:59.0224651Z Get:29 http://azure.archive.ubuntu.com/ubuntu noble-backports/restricted amd64 Components [216 B]
2025-09-24T00:21:59.0233855Z Get:30 http://azure.archive.ubuntu.com/ubuntu noble-backports/multiverse amd64 Components [212 B]
2025-09-24T00:21:59.0365946Z Get:31 http://azure.archive.ubuntu.com/ubuntu noble-security/main amd64 Packages [1164 kB]
2025-09-24T00:21:59.0433128Z Get:32 http://azure.archive.ubuntu.com/ubuntu noble-security/main Translation-en [197 kB]
2025-09-24T00:21:59.0452378Z Get:33 http://azure.archive.ubuntu.com/ubuntu noble-security/main amd64 Components [21.5 kB]
2025-09-24T00:21:59.0462367Z Get:34 http://azure.archive.ubuntu.com/ubuntu noble-security/main amd64 c-n-f Metadata [8744 B]
2025-09-24T00:21:59.0907830Z Get:35 http://azure.archive.ubuntu.com/ubuntu noble-security/universe amd64 Packages [880 kB]
2025-09-24T00:21:59.0966612Z Get:36 http://azure.archive.ubuntu.com/ubuntu noble-security/universe Translation-en [195 kB]
2025-09-24T00:21:59.0985963Z Get:37 http://azure.archive.ubuntu.com/ubuntu noble-security/universe amd64 Components [52.3 kB]
2025-09-24T00:21:59.0998553Z Get:38 http://azure.archive.ubuntu.com/ubuntu noble-security/universe amd64 c-n-f Metadata [18.0 kB]
2025-09-24T00:21:59.1009304Z Get:39 http://azure.archive.ubuntu.com/ubuntu noble-security/restricted amd64 Packages [1855 kB]
2025-09-24T00:21:59.1122263Z Get:40 http://azure.archive.ubuntu.com/ubuntu noble-security/restricted Translation-en [419 kB]
2025-09-24T00:21:59.1149805Z Get:41 http://azure.archive.ubuntu.com/ubuntu noble-security/restricted amd64 Components [212 B]
2025-09-24T00:21:59.1159295Z Get:42 http://azure.archive.ubuntu.com/ubuntu noble-security/restricted amd64 c-n-f Metadata [520 B]
2025-09-24T00:21:59.1171394Z Get:43 http://azure.archive.ubuntu.com/ubuntu noble-security/multiverse amd64 Packages [28.0 kB]
2025-09-24T00:21:59.1183298Z Get:44 http://azure.archive.ubuntu.com/ubuntu noble-security/multiverse Translation-en [5228 B]
2025-09-24T00:21:59.1193039Z Get:45 http://azure.archive.ubuntu.com/ubuntu noble-security/multiverse amd64 Components [208 B]
2025-09-24T00:21:59.1374373Z Get:46 http://azure.archive.ubuntu.com/ubuntu noble-security/multiverse amd64 c-n-f Metadata [384 B]
2025-09-24T00:22:05.3179865Z Fetched 11.9 MB in 2s (7672 kB/s)
2025-09-24T00:22:06.0759038Z Reading package lists...
2025-09-24T00:22:06.1097325Z Reading package lists...
2025-09-24T00:22:06.3071148Z Building dependency tree...
2025-09-24T00:22:06.3078548Z Reading state information...
2025-09-24T00:22:06.5075890Z git is already the newest version (1:2.51.0-0ppa2~ubuntu24.04.1).
2025-09-24T00:22:06.5076316Z git set to manually installed.
2025-09-24T00:22:06.5076636Z curl is already the newest version (8.5.0-2ubuntu10.6).
2025-09-24T00:22:06.5077027Z unzip is already the newest version (6.0-28ubuntu4.1).
2025-09-24T00:22:06.5077461Z xz-utils is already the newest version (5.6.1+really5.4.5-1ubuntu0.2).
2025-09-24T00:22:06.5077926Z 0 upgraded, 0 newly installed, 0 to remove and 69 not upgraded.
2025-09-24T00:22:06.5106339Z Cloning into '/opt/flutter'...
2025-09-24T00:22:08.9355587Z Updating files:  92% (13822/14891)
2025-09-24T00:22:08.9441690Z Updating files:  93% (13849/14891)
2025-09-24T00:22:08.9527834Z Updating files:  94% (13998/14891)
2025-09-24T00:22:08.9661743Z Updating files:  95% (14147/14891)
2025-09-24T00:22:08.9792386Z Updating files:  96% (14296/14891)
2025-09-24T00:22:08.9901885Z Updating files:  97% (14445/14891)
2025-09-24T00:22:08.9987980Z Updating files:  98% (14594/14891)
2025-09-24T00:22:09.0072404Z Updating files:  99% (14743/14891)
2025-09-24T00:22:09.0072818Z Updating files: 100% (14891/14891)
2025-09-24T00:22:09.0073134Z Updating files: 100% (14891/14891), done.
2025-09-24T00:22:09.0688959Z Downloading Linux x64 Dart SDK from Flutter engine c29809135135e262a912cf583b2c90deb9ded610...
2025-09-24T00:22:09.0776874Z   % Total    % Received % Xferd  Average Speed   Time    Time     Time  Current
2025-09-24T00:22:09.0777506Z                                  Dload  Upload   Total   Spent    Left  Speed
2025-09-24T00:22:09.0777794Z 
2025-09-24T00:22:10.0504245Z   0     0    0     0    0     0      0      0 --:--:-- --:--:-- --:--:--     0
2025-09-24T00:22:11.0492539Z  17  207M   17 36.9M    0     0  38.0M      0  0:00:05 --:--:--  0:00:05 38.0M
2025-09-24T00:22:12.0506487Z  51  207M   51  107M    0     0  54.6M      0  0:00:03  0:00:01  0:00:02 54.6M
2025-09-24T00:22:12.9572085Z  82  207M   82  170M    0     0  57.2M      0  0:00:03  0:00:02  0:00:01 57.2M
2025-09-24T00:22:12.9572677Z 100  207M  100  207M    0     0  53.5M      0  0:00:03  0:00:03 --:--:-- 53.5M
2025-09-24T00:22:17.4998470Z Building flutter tool...
2025-09-24T00:22:17.6250979Z Resolving dependencies...
2025-09-24T00:22:18.5205887Z Downloading packages...
2025-09-24T00:22:21.7346082Z + _fe_analyzer_shared 82.0.0 (89.0.0 available)
2025-09-24T00:22:21.7346769Z + analyzer 7.4.5 (8.2.0 available)
2025-09-24T00:22:21.7347177Z + archive 3.6.1 (4.0.7 available)
2025-09-24T00:22:21.7347533Z + args 2.7.0
2025-09-24T00:22:21.7347827Z + async 2.13.0
2025-09-24T00:22:21.7348125Z + boolean_selector 2.1.2
2025-09-24T00:22:21.7348517Z + browser_launcher 1.1.3
2025-09-24T00:22:21.7348848Z + built_collection 5.1.1
2025-09-24T00:22:21.7349206Z + built_value 8.10.1 (8.12.0 available)
2025-09-24T00:22:21.7349591Z + checked_yaml 2.0.4
2025-09-24T00:22:21.7349885Z + cli_config 0.2.0
2025-09-24T00:22:21.7350347Z + clock 1.1.2
2025-09-24T00:22:21.7350672Z + code_assets 0.19.4 (0.19.7 available)
2025-09-24T00:22:21.7351107Z + code_builder 4.10.1 (4.11.0 available)
2025-09-24T00:22:21.7351525Z + collection 1.19.1
2025-09-24T00:22:21.7351858Z + completion 1.0.1 (1.0.2 available)
2025-09-24T00:22:21.7352230Z + convert 3.1.2
2025-09-24T00:22:21.7352530Z + coverage 1.14.1 (1.15.0 available)
2025-09-24T00:22:21.7352901Z + crypto 3.0.6
2025-09-24T00:22:21.7353218Z + csslib 1.0.2
2025-09-24T00:22:21.7353502Z + dap 1.4.0
2025-09-24T00:22:21.7353826Z + dart_service_protocol_shared 0.0.3
2025-09-24T00:22:21.7354251Z + dart_style 3.1.0 (3.1.2 available)
2025-09-24T00:22:21.7354658Z + dds 5.0.3 (5.1.0 available)
2025-09-24T00:22:21.7355049Z + dds_service_extensions 2.0.2 (2.1.0 available)
2025-09-24T00:22:21.7355496Z + devtools_shared 12.0.0
2025-09-24T00:22:21.7355846Z + dtd 4.0.0
2025-09-24T00:22:21.7356140Z + dwds 24.4.0+2 (25.1.0 available)
2025-09-24T00:22:21.7356524Z + extension_discovery 2.1.0
2025-09-24T00:22:21.7356861Z + fake_async 1.3.3
2025-09-24T00:22:21.7357155Z + ffi 2.1.4
2025-09-24T00:22:21.7357413Z + file 7.0.1
2025-09-24T00:22:21.7357695Z + file_testing 3.0.2
2025-09-24T00:22:21.7358015Z + fixnum 1.1.1
2025-09-24T00:22:21.7358443Z + flutter_template_images 5.0.0
2025-09-24T00:22:21.7358830Z + frontend_server_client 4.0.0
2025-09-24T00:22:21.7359181Z + glob 2.1.3
2025-09-24T00:22:21.7359469Z + graphs 2.3.2
2025-09-24T00:22:21.7359773Z + hooks 0.19.5 (0.20.1 available)
2025-09-24T00:22:21.7360355Z + hooks_runner 0.21.0 (0.22.1 available)
2025-09-24T00:22:21.7360754Z + html 0.15.6
2025-09-24T00:22:21.7361049Z + http 1.4.0 (1.5.0 available)
2025-09-24T00:22:21.7361411Z + http_multi_server 3.2.2
2025-09-24T00:22:21.7361761Z + http_parser 4.1.2
2025-09-24T00:22:21.7362056Z + intl 0.20.2
2025-09-24T00:22:21.7362326Z + io 1.0.5
2025-09-24T00:22:21.7362612Z + js 0.7.2 (discontinued)
2025-09-24T00:22:21.7362963Z + json_annotation 4.9.0
2025-09-24T00:22:21.7363342Z + json_rpc_2 3.0.3 (4.0.0 available)
2025-09-24T00:22:21.7363731Z + logging 1.3.0
2025-09-24T00:22:21.7364024Z + matcher 0.12.17
2025-09-24T00:22:21.7364291Z + meta 1.17.0
2025-09-24T00:22:21.7364572Z + mime 2.0.0
2025-09-24T00:22:21.7364859Z + multicast_dns 0.3.3
2025-09-24T00:22:21.7365260Z + mustache_template 2.0.0 (2.0.1 available)
2025-09-24T00:22:21.7365689Z + native_stack_traces 0.6.1
2025-09-24T00:22:21.7366035Z + node_preamble 2.0.2
2025-09-24T00:22:21.7366361Z + package_config 2.2.0
2025-09-24T00:22:21.7366674Z + path 1.9.1
2025-09-24T00:22:21.7366985Z + petitparser 6.1.0 (7.0.1 available)
2025-09-24T00:22:21.7367365Z + platform 3.1.6
2025-09-24T00:22:21.7367675Z + pool 1.5.1 (1.5.2 available)
2025-09-24T00:22:21.7368028Z + process 5.0.4 (5.0.5 available)
2025-09-24T00:22:21.7368393Z + pub_semver 2.2.0
2025-09-24T00:22:21.7369064Z + pubspec_parse 1.5.0
2025-09-24T00:22:21.7369393Z + shelf 1.4.2
2025-09-24T00:22:21.7369886Z + shelf_packages_handler 3.0.2
2025-09-24T00:22:21.7370433Z + shelf_proxy 1.0.4
2025-09-24T00:22:21.7370728Z + shelf_static 1.1.3
2025-09-24T00:22:21.7371069Z + shelf_web_socket 2.0.1 (3.0.0 available)
2025-09-24T00:22:21.7371501Z + source_map_stack_trace 2.1.2
2025-09-24T00:22:21.7371871Z + source_maps 0.10.13
2025-09-24T00:22:21.7372208Z + source_span 1.10.1
2025-09-24T00:22:21.7372525Z + sprintf 7.0.0
2025-09-24T00:22:21.7372827Z + sse 4.1.8
2025-09-24T00:22:21.7373096Z + stack_trace 1.12.1
2025-09-24T00:22:21.7373425Z + standard_message_codec 0.0.1+4
2025-09-24T00:22:21.7373803Z + stream_channel 2.1.4
2025-09-24T00:22:21.7374138Z + string_scanner 1.4.1
2025-09-24T00:22:21.7374453Z + sync_http 0.3.1
2025-09-24T00:22:21.7374764Z + term_glyph 1.2.2
2025-09-24T00:22:21.7375081Z + test 1.26.2 (1.26.3 available)
2025-09-24T00:22:21.7375458Z + test_api 0.7.6 (0.7.7 available)
2025-09-24T00:22:21.7375867Z + test_core 0.6.11 (0.6.12 available)
2025-09-24T00:22:21.7376248Z + typed_data 1.4.0
2025-09-24T00:22:21.7376561Z + unified_analytics 8.0.5
2025-09-24T00:22:21.7376885Z + usage 4.1.1 (discontinued)
2025-09-24T00:22:21.7377204Z + uuid 4.5.1
2025-09-24T00:22:21.7377460Z + vm_service 15.0.2
2025-09-24T00:22:21.7377757Z + vm_service_interface 2.0.1
2025-09-24T00:22:21.7378094Z + vm_snapshot_analysis 0.7.6
2025-09-24T00:22:21.7378432Z + watcher 1.1.2 (1.1.3 available)
2025-09-24T00:22:21.7378766Z + web 1.1.1
2025-09-24T00:22:21.7379022Z + web_socket 1.0.1
2025-09-24T00:22:21.7379319Z + web_socket_channel 3.0.3
2025-09-24T00:22:21.7379640Z + webdriver 3.1.0
2025-09-24T00:22:21.7379949Z + webkit_inspection_protocol 1.2.1
2025-09-24T00:22:21.7380525Z + xml 6.5.0 (6.6.1 available)
2025-09-24T00:22:21.7380853Z + yaml 3.1.3
2025-09-24T00:22:21.7381125Z + yaml_edit 2.2.2
2025-09-24T00:22:21.7381461Z Changed 100 dependencies!
2025-09-24T00:22:21.7381852Z 2 packages are discontinued.
2025-09-24T00:22:21.7383900Z 26 packages have newer versions incompatible with dependency constraints.
2025-09-24T00:22:21.7385471Z Try `dart pub outdated` for more information.
2025-09-24T00:22:37.6830948Z Flutter 3.35.4 • channel stable • https://github.com/flutter/flutter.git
2025-09-24T00:22:37.6833768Z Framework • revision d693b4b9db (7 days ago) • 2025-09-16 14:27:41 +0000
2025-09-24T00:22:37.6834961Z Engine • hash feee8ee8fb8b975dd9990f86d3bda11e6e75faf3 (revision c298091351) (8 days ago) • 2025-09-15 14:04:24.000Z
2025-09-24T00:22:37.6835934Z Tools • Dart 3.9.2 • DevTools 2.48.0
2025-09-24T00:22:37.6908478Z ##[group]Run cd app
2025-09-24T00:22:37.6908736Z [36;1mcd app[0m
2025-09-24T00:22:37.6908965Z [36;1m/opt/flutter/bin/flutter precache || true[0m
2025-09-24T00:22:37.6909224Z [36;1m[0m
2025-09-24T00:22:37.6909386Z [36;1mattempt=0[0m
2025-09-24T00:22:37.6909572Z [36;1muntil [ $attempt -ge 3 ]; do[0m
2025-09-24T00:22:37.6909840Z [36;1m  /opt/flutter/bin/flutter pub get && break[0m
2025-09-24T00:22:37.6973355Z [36;1m  attempt=$((attempt+1))[0m
2025-09-24T00:22:37.6973719Z [36;1m  echo "flutter pub get failed, retry #$attempt"[0m
2025-09-24T00:22:37.6974066Z [36;1m  sleep $((attempt*5))[0m
2025-09-24T00:22:37.6974330Z [36;1mdone[0m
2025-09-24T00:22:37.6974545Z [36;1mif [ $attempt -ge 3 ]; then[0m
2025-09-24T00:22:37.6974915Z [36;1m  echo "flutter pub get failed after $attempt attempts"; exit 1[0m
2025-09-24T00:22:37.6975243Z [36;1mfi[0m
2025-09-24T00:22:37.7009622Z shell: /usr/bin/bash -e {0}
2025-09-24T00:22:37.7009859Z ##[endgroup]
2025-09-24T00:22:38.0553689Z Downloading Material fonts...                                      217ms
2025-09-24T00:22:38.1167991Z Downloading Gradle Wrapper...                                       11ms
2025-09-24T00:22:38.3050539Z Downloading android-arm-profile/linux-x64 tools...                 169ms
2025-09-24T00:22:38.5352952Z Downloading android-arm-release/linux-x64 tools...                 162ms
2025-09-24T00:22:38.7630015Z Downloading android-arm64-profile/linux-x64 tools...               166ms
2025-09-24T00:22:38.9845205Z Downloading android-arm64-release/linux-x64 tools...               151ms
2025-09-24T00:22:39.2079299Z Downloading android-x64-profile/linux-x64 tools...                 157ms
2025-09-24T00:22:39.4128358Z Downloading android-x64-release/linux-x64 tools...                 135ms
2025-09-24T00:22:42.7733904Z Downloading android-x86 tools...                                    3.3s
2025-09-24T00:22:46.7415113Z Downloading android-x64 tools...                                    3.3s
2025-09-24T00:22:50.5614043Z Downloading android-arm tools...                                    3.2s
2025-09-24T00:22:52.5912783Z Downloading android-arm-profile tools...                         1,400ms
2025-09-24T00:22:54.0645966Z Downloading android-arm-release tools...                         1,209ms
2025-09-24T00:22:59.2673132Z Downloading android-arm64 tools...                                  5.0s
2025-09-24T00:23:01.6066113Z Downloading android-arm64-profile tools...                       1,325ms
2025-09-24T00:23:03.1265922Z Downloading android-arm64-release tools...                       1,247ms
2025-09-24T00:23:04.7255067Z Downloading android-x64-profile tools...                         1,343ms
2025-09-24T00:23:06.2802166Z Downloading android-x64-release tools...                         1,285ms
2025-09-24T00:23:07.5930659Z Downloading Web SDK...                                             925ms
2025-09-24T00:23:08.3404808Z Downloading package sky_engine...                                   58ms
2025-09-24T00:23:08.4187794Z Downloading package flutter_gpu...                                   7ms
2025-09-24T00:23:08.5604739Z Downloading flutter_patched_sdk tools...                           128ms
2025-09-24T00:23:08.7924170Z Downloading flutter_patched_sdk_product tools...                   139ms
2025-09-24T00:23:09.8393327Z Downloading linux-x64 tools...                                     953ms
2025-09-24T00:23:11.6416687Z Downloading linux-x64-debug/linux-x64-flutter-gtk tools...       1,197ms
2025-09-24T00:23:13.1051536Z Downloading linux-x64-profile/linux-x64-flutter-gtk tools...        693ms
2025-09-24T00:23:14.1260804Z Downloading linux-x64-release/linux-x64-flutter-gtk tools...        594ms
2025-09-24T00:23:14.5908234Z Downloading linux-x64/font-subset tools...                          70ms
2025-09-24T00:23:14.9998307Z Resolving dependencies...
2025-09-24T00:23:15.8194566Z Downloading packages...
2025-09-24T00:23:18.1791264Z   async 2.11.0 (2.13.0 available)
2025-09-24T00:23:18.1792151Z   boolean_selector 2.1.1 (2.1.2 available)
2025-09-24T00:23:18.1792658Z > characters 1.4.0 (was 1.3.0) (1.4.1 available)
2025-09-24T00:23:18.1793078Z > clock 1.1.2 (was 1.1.1)
2025-09-24T00:23:18.1793414Z > collection 1.19.1 (was 1.18.0)
2025-09-24T00:23:18.1793769Z > fake_async 1.3.3 (was 1.3.1)
2025-09-24T00:23:18.1794111Z   ffi 2.1.3 (2.1.4 available)
2025-09-24T00:23:18.1794486Z   file_selector_macos 0.9.4+2 (0.9.4+4 available)
2025-09-24T00:23:18.1794905Z   flutter_lints 4.0.0 (6.0.0 available)
2025-09-24T00:23:18.1795383Z   flutter_plugin_android_lifecycle 2.0.26 (2.0.30 available)
2025-09-24T00:23:18.1795744Z   http_parser 4.0.2 (4.1.2 available)
2025-09-24T00:23:18.1795992Z   image_picker 1.1.2 (1.2.0 available)
2025-09-24T00:23:18.1796251Z   image_picker_android 0.8.12+21 (0.8.13+3 available)
2025-09-24T00:23:18.1796539Z   image_picker_for_web 3.0.6 (3.1.0 available)
2025-09-24T00:23:18.1796791Z   image_picker_ios 0.8.12+2 (0.8.13 available)
2025-09-24T00:23:18.1797033Z   image_picker_linux 0.2.1+2 (0.2.2 available)
2025-09-24T00:23:18.1797279Z   image_picker_macos 0.2.1+2 (0.2.2 available)
2025-09-24T00:23:18.1797573Z   image_picker_platform_interface 2.10.1 (2.11.0 available)
2025-09-24T00:23:18.1797879Z   image_picker_windows 0.2.1+1 (0.2.2 available)
2025-09-24T00:23:18.1798130Z > leak_tracker 11.0.2 (was 10.0.5)
2025-09-24T00:23:18.1798372Z > leak_tracker_flutter_testing 3.0.10 (was 3.0.5)
2025-09-24T00:23:18.1798629Z > leak_tracker_testing 3.0.2 (was 3.0.1)
2025-09-24T00:23:18.1798860Z   lints 4.0.0 (6.0.0 available)
2025-09-24T00:23:18.1799062Z > matcher 0.12.17 (was 0.12.16+1)
2025-09-24T00:23:18.1799511Z   material_color_utilities 0.11.1 (0.13.0 available)
2025-09-24T00:23:18.1799786Z > meta 1.16.0 (was 1.15.0) (1.17.0 available)
2025-09-24T00:23:18.1800015Z > path 1.9.1 (was 1.9.0)
2025-09-24T00:23:18.1800483Z   path_provider_android 2.2.15 (2.2.18 available)
2025-09-24T00:23:18.1800769Z   path_provider_foundation 2.4.1 (2.4.2 available)
2025-09-24T00:23:18.1801049Z   permission_handler 11.4.0 (12.0.1 available)
2025-09-24T00:23:18.1801329Z   permission_handler_android 12.1.0 (13.0.1 available)
2025-09-24T00:23:18.1801600Z   petitparser 6.0.2 (7.0.1 available)
2025-09-24T00:23:18.1801823Z   share_plus 10.1.4 (12.0.0 available)
2025-09-24T00:23:18.1802087Z   share_plus_platform_interface 5.0.2 (6.1.0 available)
2025-09-24T00:23:18.1802437Z < sky_engine 0.0.0 from sdk flutter (was 0.0.99 from sdk flutter)
2025-09-24T00:23:18.1802746Z   source_span 1.10.0 (1.10.1 available)
2025-09-24T00:23:18.1802977Z > stack_trace 1.12.1 (was 1.11.1)
2025-09-24T00:23:18.1803184Z > stream_channel 2.1.4 (was 2.1.2)
2025-09-24T00:23:18.1803419Z   string_scanner 1.2.0 (1.4.1 available)
2025-09-24T00:23:18.1803644Z   term_glyph 1.2.1 (1.2.2 available)
2025-09-24T00:23:18.1803875Z > test_api 0.7.6 (was 0.7.2) (0.7.7 available)
2025-09-24T00:23:18.1804115Z   url_launcher_web 2.3.3 (2.4.1 available)
2025-09-24T00:23:18.1804346Z > vector_math 2.2.0 (was 2.1.4)
2025-09-24T00:23:18.1804553Z   vm_service 14.2.5 (15.0.2 available)
2025-09-24T00:23:18.1804769Z   win32 5.10.1 (5.14.0 available)
2025-09-24T00:23:18.1804975Z   xml 6.5.0 (6.6.1 available)
2025-09-24T00:23:18.1808251Z Changed 15 dependencies!
2025-09-24T00:23:18.1823716Z 34 packages have newer versions incompatible with dependency constraints.
2025-09-24T00:23:18.1824504Z Try `flutter pub outdated` for more information.
2025-09-24T00:23:18.5884583Z ##[group]Run cd app
2025-09-24T00:23:18.5884836Z [36;1mcd app[0m
2025-09-24T00:23:18.5885029Z [36;1m/opt/flutter/bin/flutter analyze[0m
2025-09-24T00:23:18.5885288Z [36;1m/opt/flutter/bin/flutter test[0m
2025-09-24T00:23:18.5915689Z shell: /usr/bin/bash -e {0}
2025-09-24T00:23:18.5915925Z ##[endgroup]
2025-09-24T00:23:34.0366353Z Analyzing app...                                                
2025-09-24T00:23:34.0373541Z 
2025-09-24T00:23:34.0394684Z    info • 'red' is deprecated and shouldn't be used. Use (*.r * 255.0).round() & 0xff • lib/core/utils/color_utils.dart:14:34 • deprecated_member_use
2025-09-24T00:23:34.0396326Z    info • 'green' is deprecated and shouldn't be used. Use (*.g * 255.0).round() & 0xff • lib/core/utils/color_utils.dart:14:45 • deprecated_member_use
2025-09-24T00:23:34.0398570Z    info • 'blue' is deprecated and shouldn't be used. Use (*.b * 255.0).round() & 0xff • lib/core/utils/color_utils.dart:14:58 • deprecated_member_use
2025-09-24T00:23:34.0407108Z 
2025-09-24T00:23:34.0545298Z 3 issues found. (ran in 14.7s)
2025-09-24T00:23:34.0617501Z ##[error]Process completed with exit code 1.
2025-09-24T00:23:34.0708065Z Post job cleanup.
2025-09-24T00:23:34.1684195Z [command]/usr/bin/git version
2025-09-24T00:23:34.1721745Z git version 2.51.0
2025-09-24T00:23:34.1772888Z Temporarily overriding HOME='/home/runner/work/_temp/ee613479-71a1-4ffc-9e14-da0742e6b47e' before making global git config changes
2025-09-24T00:23:34.1774159Z Adding repository directory to the temporary git global config as a safe directory
2025-09-24T00:23:34.1778934Z [command]/usr/bin/git config --global --add safe.directory /home/runner/work/blurapp/blurapp
2025-09-24T00:23:34.1815381Z [command]/usr/bin/git config --local --name-only --get-regexp core\.sshCommand
2025-09-24T00:23:34.1848745Z [command]/usr/bin/git submodule foreach --recursive sh -c "git config --local --name-only --get-regexp 'core\.sshCommand' && git config --local --unset-all 'core.sshCommand' || :"
2025-09-24T00:23:34.2076577Z [command]/usr/bin/git config --local --name-only --get-regexp http\.https\:\/\/github\.com\/\.extraheader
2025-09-24T00:23:34.2099230Z http.https://github.com/.extraheader
2025-09-24T00:23:34.2113142Z [command]/usr/bin/git config --local --unset-all http.https://github.com/.extraheader
2025-09-24T00:23:34.2144806Z [command]/usr/bin/git submodule foreach --recursive sh -c "git config --local --name-only --get-regexp 'http\.https\:\/\/github\.com\/\.extraheader' && git config --local --unset-all 'http.https://github.com/.extraheader' || :"
2025-09-24T00:23:34.2484680Z Cleaning up orphan processes
